// Jest Snapshot v1, https://goo.gl/fbAQLP

exports[`generateNextStatement calculates correctly for over a year 1`] = `
Array [
  Object {
    "accruedInterest": Object {
      "ma": 0,
      "oa": 0,
      "sa": 0,
    },
    "age": Object {
      "month": 0,
      "year": 30,
    },
    "bhsLimit": 68500,
    "bonus": 0,
    "currentBalances": Object {
      "ma": 10000,
      "oa": 10000,
      "sa": 10000,
    },
    "date": Object {
      "month": 12,
      "year": 2023,
    },
    "frs": 198800,
    "housingDeductions": 200,
    "housingOaBalance": 10000,
    "housingYtdOaAccruedInterest": 0,
    "oaToSaTransfer": 0,
    "saCashTopUp": 0,
    "salary": 6000,
    "salaryContributions": Object {
      "ma": 10000,
      "oa": 10000,
      "sa": 10000,
    },
    "ytdAccruedInterest": Object {
      "ma": 0,
      "oa": 0,
      "sa": 0,
    },
    "ytdContributions": Object {
      "ma": 0,
      "oa": 0,
      "sa": 0,
    },
  },
  Object {
    "accruedInterest": Object {
      "ma": 41.66666666666667,
      "oa": 29.166666666666664,
      "sa": 41.66666666666667,
    },
    "age": Object {
      "month": 1,
      "year": 30,
    },
    "bhsLimit": 71719.5,
    "bonus": 0,
    "currentBalances": Object {
      "ma": 10479.964,
      "oa": 10180.173999999999,
      "sa": 12359.862,
    },
    "date": Object {
      "month": 1,
      "year": 2024,
    },
    "frs": 205800,
    "housingDeductions": 200,
    "housingOaBalance": 10200,
    "housingYtdOaAccruedInterest": 21.25,
    "oaToSaTransfer": 1000,
    "saCashTopUp": 1000,
    "salary": 6000,
    "salaryContributions": Object {
      "ma": 479.964,
      "oa": 1380.174,
      "sa": 359.86199999999997,
    },
    "ytdAccruedInterest": Object {
      "ma": 41.66666666666667,
      "oa": 29.166666666666664,
      "sa": 41.66666666666667,
    },
    "ytdContributions": Object {
      "ma": 479.964,
      "oa": 1380.174,
      "sa": 359.86199999999997,
    },
  },
  Object {
    "accruedInterest": Object {
      "ma": 43.666516666666666,
      "oa": 29.692174166666668,
      "sa": 51.499425,
    },
    "age": Object {
      "month": 2,
      "year": 30,
    },
    "bhsLimit": 71719.5,
    "bonus": 0,
    "currentBalances": Object {
      "ma": 10959.928,
      "oa": 11360.347999999998,
      "sa": 12719.723999999998,
    },
    "date": Object {
      "month": 2,
      "year": 2024,
    },
    "frs": 205800,
    "housingDeductions": 200,
    "housingOaBalance": 10400,
    "housingYtdOaAccruedInterest": 42.91666666666667,
    "oaToSaTransfer": 0,
    "saCashTopUp": 0,
    "salary": 6000,
    "salaryContributions": Object {
      "ma": 479.964,
      "oa": 1380.174,
      "sa": 359.86199999999997,
    },
    "ytdAccruedInterest": Object {
      "ma": 85.33318333333334,
      "oa": 58.85884083333333,
      "sa": 93.16609166666667,
    },
    "ytdContributions": Object {
      "ma": 959.928,
      "oa": 2760.348,
      "sa": 719.7239999999999,
    },
  },
  Object {
    "accruedInterest": Object {
      "ma": 45.66636666666667,
      "oa": 33.13434833333333,
      "sa": 52.99884999999999,
    },
    "age": Object {
      "month": 3,
      "year": 30,
    },
    "bhsLimit": 71719.5,
    "bonus": 0,
    "currentBalances": Object {
      "ma": 11439.892,
      "oa": 12540.521999999997,
      "sa": 13079.585999999998,
    },
    "date": Object {
      "month": 3,
      "year": 2024,
    },
    "frs": 205800,
    "housingDeductions": 200,
    "housingOaBalance": 10600,
    "housingYtdOaAccruedInterest": 65,
    "oaToSaTransfer": 0,
    "saCashTopUp": 0,
    "salary": 6000,
    "salaryContributions": Object {
      "ma": 479.964,
      "oa": 1380.174,
      "sa": 359.86199999999997,
    },
    "ytdAccruedInterest": Object {
      "ma": 130.99955,
      "oa": 91.99318916666667,
      "sa": 146.16494166666666,
    },
    "ytdContributions": Object {
      "ma": 1439.892,
      "oa": 4140.522,
      "sa": 1079.5859999999998,
    },
  },
  Object {
    "accruedInterest": Object {
      "ma": 47.666216666666664,
      "oa": 36.576522499999996,
      "sa": 54.498274999999985,
    },
    "age": Object {
      "month": 4,
      "year": 30,
    },
    "bhsLimit": 71719.5,
    "bonus": 0,
    "currentBalances": Object {
      "ma": 11919.856,
      "oa": 13720.695999999996,
      "sa": 13439.447999999997,
    },
    "date": Object {
      "month": 4,
      "year": 2024,
    },
    "frs": 205800,
    "housingDeductions": 200,
    "housingOaBalance": 10800,
    "housingYtdOaAccruedInterest": 87.5,
    "oaToSaTransfer": 0,
    "saCashTopUp": 0,
    "salary": 6000,
    "salaryContributions": Object {
      "ma": 479.964,
      "oa": 1380.174,
      "sa": 359.86199999999997,
    },
    "ytdAccruedInterest": Object {
      "ma": 178.66576666666666,
      "oa": 128.56971166666665,
      "sa": 200.66321666666664,
    },
    "ytdContributions": Object {
      "ma": 1919.856,
      "oa": 5520.696,
      "sa": 1439.4479999999999,
    },
  },
  Object {
    "accruedInterest": Object {
      "ma": 49.666066666666666,
      "oa": 40.018696666666656,
      "sa": 55.99769999999999,
    },
    "age": Object {
      "month": 5,
      "year": 30,
    },
    "bhsLimit": 71719.5,
    "bonus": 0,
    "currentBalances": Object {
      "ma": 12399.82,
      "oa": 14900.869999999995,
      "sa": 13799.309999999996,
    },
    "date": Object {
      "month": 5,
      "year": 2024,
    },
    "frs": 205800,
    "housingDeductions": 200,
    "housingOaBalance": 11000,
    "housingYtdOaAccruedInterest": 110.41666666666667,
    "oaToSaTransfer": 0,
    "saCashTopUp": 0,
    "salary": 6000,
    "salaryContributions": Object {
      "ma": 479.964,
      "oa": 1380.174,
      "sa": 359.86199999999997,
    },
    "ytdAccruedInterest": Object {
      "ma": 228.33183333333332,
      "oa": 168.5884083333333,
      "sa": 256.66091666666665,
    },
    "ytdContributions": Object {
      "ma": 2399.82,
      "oa": 6900.87,
      "sa": 1799.31,
    },
  },
  Object {
    "accruedInterest": Object {
      "ma": 51.66591666666666,
      "oa": 43.46087083333332,
      "sa": 57.49712499999998,
    },
    "age": Object {
      "month": 6,
      "year": 30,
    },
    "bhsLimit": 71719.5,
    "bonus": 0,
    "currentBalances": Object {
      "ma": 12879.784,
      "oa": 16081.043999999994,
      "sa": 14159.171999999995,
    },
    "date": Object {
      "month": 6,
      "year": 2024,
    },
    "frs": 205800,
    "housingDeductions": 200,
    "housingOaBalance": 11200,
    "housingYtdOaAccruedInterest": 133.75,
    "oaToSaTransfer": 0,
    "saCashTopUp": 0,
    "salary": 6000,
    "salaryContributions": Object {
      "ma": 479.964,
      "oa": 1380.174,
      "sa": 359.86199999999997,
    },
    "ytdAccruedInterest": Object {
      "ma": 279.99775,
      "oa": 212.04927916666662,
      "sa": 314.15804166666663,
    },
    "ytdContributions": Object {
      "ma": 2879.784,
      "oa": 8281.044,
      "sa": 2159.172,
    },
  },
  Object {
    "accruedInterest": Object {
      "ma": 53.66576666666667,
      "oa": 46.903044999999985,
      "sa": 58.996549999999985,
    },
    "age": Object {
      "month": 7,
      "year": 30,
    },
    "bhsLimit": 71719.5,
    "bonus": 0,
    "currentBalances": Object {
      "ma": 13359.748,
      "oa": 17261.217999999993,
      "sa": 14519.033999999994,
    },
    "date": Object {
      "month": 7,
      "year": 2024,
    },
    "frs": 205800,
    "housingDeductions": 200,
    "housingOaBalance": 11400,
    "housingYtdOaAccruedInterest": 157.5,
    "oaToSaTransfer": 0,
    "saCashTopUp": 0,
    "salary": 6000,
    "salaryContributions": Object {
      "ma": 479.964,
      "oa": 1380.174,
      "sa": 359.86199999999997,
    },
    "ytdAccruedInterest": Object {
      "ma": 333.6635166666667,
      "oa": 258.9523241666666,
      "sa": 373.15459166666665,
    },
    "ytdContributions": Object {
      "ma": 3359.748,
      "oa": 9661.218,
      "sa": 2519.034,
    },
  },
  Object {
    "accruedInterest": Object {
      "ma": 55.66561666666666,
      "oa": 50.34521916666665,
      "sa": 60.49597499999997,
    },
    "age": Object {
      "month": 8,
      "year": 30,
    },
    "bhsLimit": 71719.5,
    "bonus": 0,
    "currentBalances": Object {
      "ma": 13839.712,
      "oa": 18441.391999999993,
      "sa": 14878.895999999993,
    },
    "date": Object {
      "month": 8,
      "year": 2024,
    },
    "frs": 205800,
    "housingDeductions": 200,
    "housingOaBalance": 11600,
    "housingYtdOaAccruedInterest": 181.66666666666666,
    "oaToSaTransfer": 0,
    "saCashTopUp": 0,
    "salary": 6000,
    "salaryContributions": Object {
      "ma": 479.964,
      "oa": 1380.174,
      "sa": 359.86199999999997,
    },
    "ytdAccruedInterest": Object {
      "ma": 389.32913333333335,
      "oa": 309.29754333333324,
      "sa": 433.65056666666663,
    },
    "ytdContributions": Object {
      "ma": 3839.712,
      "oa": 11041.392,
      "sa": 2878.896,
    },
  },
  Object {
    "accruedInterest": Object {
      "ma": 57.66546666666667,
      "oa": 53.78739333333331,
      "sa": 61.99539999999998,
    },
    "age": Object {
      "month": 9,
      "year": 30,
    },
    "bhsLimit": 71719.5,
    "bonus": 0,
    "currentBalances": Object {
      "ma": 14319.676,
      "oa": 19621.56599999999,
      "sa": 15238.757999999993,
    },
    "date": Object {
      "month": 9,
      "year": 2024,
    },
    "frs": 205800,
    "housingDeductions": 200,
    "housingOaBalance": 11800,
    "housingYtdOaAccruedInterest": 206.25,
    "oaToSaTransfer": 0,
    "saCashTopUp": 0,
    "salary": 6000,
    "salaryContributions": Object {
      "ma": 479.964,
      "oa": 1380.174,
      "sa": 359.86199999999997,
    },
    "ytdAccruedInterest": Object {
      "ma": 446.9946,
      "oa": 363.0849366666665,
      "sa": 495.6459666666666,
    },
    "ytdContributions": Object {
      "ma": 4319.676,
      "oa": 12421.565999999999,
      "sa": 3238.7580000000003,
    },
  },
  Object {
    "accruedInterest": Object {
      "ma": 59.665316666666676,
      "oa": 57.22956749999997,
      "sa": 63.49482499999997,
    },
    "age": Object {
      "month": 10,
      "year": 30,
    },
    "bhsLimit": 71719.5,
    "bonus": 0,
    "currentBalances": Object {
      "ma": 14799.64,
      "oa": 20801.73999999999,
      "sa": 15598.619999999992,
    },
    "date": Object {
      "month": 10,
      "year": 2024,
    },
    "frs": 205800,
    "housingDeductions": 200,
    "housingOaBalance": 12000,
    "housingYtdOaAccruedInterest": 231.25,
    "oaToSaTransfer": 0,
    "saCashTopUp": 0,
    "salary": 6000,
    "salaryContributions": Object {
      "ma": 479.964,
      "oa": 1380.174,
      "sa": 359.86199999999997,
    },
    "ytdAccruedInterest": Object {
      "ma": 506.6599166666667,
      "oa": 420.3145041666665,
      "sa": 559.1407916666666,
    },
    "ytdContributions": Object {
      "ma": 4799.64,
      "oa": 13801.739999999998,
      "sa": 3598.6200000000003,
    },
  },
  Object {
    "accruedInterest": Object {
      "ma": 61.665166666666664,
      "oa": 60.003624999999985,
      "sa": 64.99424999999997,
    },
    "age": Object {
      "month": 11,
      "year": 30,
    },
    "bhsLimit": 71719.5,
    "bonus": 0,
    "currentBalances": Object {
      "ma": 15279.604,
      "oa": 21981.91399999999,
      "sa": 15958.48199999999,
    },
    "date": Object {
      "month": 11,
      "year": 2024,
    },
    "frs": 205800,
    "housingDeductions": 200,
    "housingOaBalance": 12200,
    "housingYtdOaAccruedInterest": 256.6666666666667,
    "oaToSaTransfer": 0,
    "saCashTopUp": 0,
    "salary": 6000,
    "salaryContributions": Object {
      "ma": 479.964,
      "oa": 1380.174,
      "sa": 359.86199999999997,
    },
    "ytdAccruedInterest": Object {
      "ma": 568.3250833333334,
      "oa": 480.3181291666665,
      "sa": 624.1350416666666,
    },
    "ytdContributions": Object {
      "ma": 5279.604,
      "oa": 15181.913999999997,
      "sa": 3958.4820000000004,
    },
  },
  Object {
    "accruedInterest": Object {
      "ma": 63.66501666666667,
      "oa": 62.46232083333332,
      "sa": 66.49367499999997,
    },
    "age": Object {
      "month": 0,
      "year": 31,
    },
    "bhsLimit": 71719.5,
    "bonus": 12000,
    "currentBalances": Object {
      "ma": 17351.486100000002,
      "oa": 26465.216449999985,
      "sa": 17728.696716666658,
    },
    "date": Object {
      "month": 12,
      "year": 2024,
    },
    "frs": 205800,
    "housingDeductions": 200,
    "housingOaBalance": 12682.5,
    "housingYtdOaAccruedInterest": 282.5,
    "oaToSaTransfer": 0,
    "saCashTopUp": 0,
    "salary": 6000,
    "salaryContributions": Object {
      "ma": 1439.892,
      "oa": 4140.522,
      "sa": 1079.5859999999998,
    },
    "ytdAccruedInterest": Object {
      "ma": 631.9901000000001,
      "oa": 542.7804499999999,
      "sa": 690.6287166666665,
    },
    "ytdContributions": Object {
      "ma": 6719.496,
      "oa": 19322.435999999998,
      "sa": 5038.068,
    },
  },
  Object {
    "accruedInterest": Object {
      "ma": 72.29785875000002,
      "oa": 71.8025342708333,
      "sa": 73.86956965277774,
    },
    "age": Object {
      "month": 1,
      "year": 31,
    },
    "bhsLimit": 75090.31649999999,
    "bonus": 0,
    "currentBalances": Object {
      "ma": 17831.450100000002,
      "oa": 26645.390449999984,
      "sa": 20088.55871666666,
    },
    "date": Object {
      "month": 1,
      "year": 2025,
    },
    "frs": 213000,
    "housingDeductions": 200,
    "housingOaBalance": 12882.5,
    "housingYtdOaAccruedInterest": 26.838541666666668,
    "oaToSaTransfer": 1000,
    "saCashTopUp": 1000,
    "salary": 6000,
    "salaryContributions": Object {
      "ma": 479.964,
      "oa": 1380.174,
      "sa": 359.86199999999997,
    },
    "ytdAccruedInterest": Object {
      "ma": 72.29785875000002,
      "oa": 71.8025342708333,
      "sa": 73.86956965277774,
    },
    "ytdContributions": Object {
      "ma": 479.964,
      "oa": 1380.174,
      "sa": 359.86199999999997,
    },
  },
]
`;
